Drill report for thermocouple_meter.kicad_pcb
Created on 2026-09-01T20:46:57

Copper Layer Stackup:
    =============================================================
    L1 :  F.Cu                      front
    L2 :  B.Cu                      back


Drill file 'thermocouple_meter-PTH.drl' contains
    plated through holes:
    =============================================================
    T1  0.300mm  0.0118"  (40 holes))
    T2  0.750mm  0.0295"  (3 holes))
    T3  0.800mm  0.0315"  (43 holes))
    T4  0.900mm  0.0354"  (2 holes))
    T5  1.000mm  0.0394"  (26 holes))
    T6  1.100mm  0.0433"  (2 holes))
    T7  1.300mm  0.0512"  (10 holes))

    Total plated holes count 126


Drill file 'thermocouple_meter-NPTH.drl' contains
    unplated through holes:
    =============================================================
    T1  3.200mm  0.1260"  (4 holes))

    Total unplated holes count 4
